../Core/Src/main.c:90:5:main	8	static
../Core/Src/main.c:206:6:SystemClock_Config	72	static
../Core/Src/main.c:243:13:MX_TIM2_Init	32	static
../Core/Src/main.c:288:13:MX_GPIO_Init	32	static
../Core/Src/main.c:337:6:updateClockBuffer	4	static
../Core/Src/main.c:346:6:updateMatrixBuffer	16	static
../Core/Src/main.c:353:6:setTimer0	16	static
../Core/Src/main.c:358:6:timer_run	4	static
../Core/Src/main.c:366:6:display7SEG	16	static
../Core/Src/main.c:458:6:displayMatrixLedCol	16	static
../Core/Src/main.c:469:6:displayMatrixLedRow	16	static
../Core/Src/main.c:479:6:resetMatrix	8	static
../Core/Src/main.c:499:6:displayMatrixLed	16	static
../Core/Src/main.c:507:6:HAL_TIM_PeriodElapsedCallback	16	static
../Core/Src/main.c:517:6:Error_Handler	4	static,ignoring_inline_asm
