../Core/Src/main.c:94:5:main	8	static
../Core/Src/main.c:152:6:SystemClock_Config	88	static
../Core/Src/main.c:196:13:MX_ADC1_Init	24	static
../Core/Src/main.c:252:13:MX_TIM2_Init	32	static
../Core/Src/main.c:297:13:MX_USART2_UART_Init	8	static
../Core/Src/main.c:330:13:MX_GPIO_Init	32	static
../Core/Src/main.c:356:6:HAL_UART_RxCpltCallback	24	static
../Core/Src/main.c:371:6:HAL_TIM_PeriodElapsedCallback	16	static
../Core/Src/main.c:376:6:command_parser_fsm	16	static
../Core/Src/main.c:396:6:uart_communiation_fsm	8	static
../Core/Src/main.c:441:6:ADC_Select_CH0	24	static
../Core/Src/main.c:451:6:ADC_Select_CH1	24	static
../Core/Src/main.c:468:6:Error_Handler	4	static,ignoring_inline_asm
