../Core/Src/main.c:85:5:main	8	static
../Core/Src/main.c:189:6:SystemClock_Config	72	static
../Core/Src/main.c:226:13:MX_TIM2_Init	32	static
../Core/Src/main.c:271:13:MX_GPIO_Init	32	static
../Core/Src/main.c:308:6:updateClockBuffer	4	static
../Core/Src/main.c:317:6:setTimer0	16	static
../Core/Src/main.c:322:6:timer_run	4	static
../Core/Src/main.c:329:6:display7SEG	16	static
../Core/Src/main.c:421:6:HAL_TIM_PeriodElapsedCallback	16	static
../Core/Src/main.c:431:6:Error_Handler	4	static,ignoring_inline_asm
