../Core/Src/tasks.c:31:6:RESET_ALL_LED	8	static
../Core/Src/tasks.c:39:6:RESET_BUZZER	4	static
../Core/Src/tasks.c:45:6:RESET_UART	112	static
../Core/Src/tasks.c:51:6:RESET_ALL	8	static
../Core/Src/tasks.c:58:6:TL1_GREEN_AUTO	8	static
../Core/Src/tasks.c:67:6:TL1_RED_AUTO	8	static
../Core/Src/tasks.c:77:6:TL1_YELLOW_AUTO	8	static
../Core/Src/tasks.c:82:6:TL1_COUNT_DOWN	112	static
../Core/Src/tasks.c:91:6:TL2_GREEN_AUTO	8	static
../Core/Src/tasks.c:100:6:TL2_RED_AUTO	8	static
../Core/Src/tasks.c:110:6:TL2_YELLOW_AUTO	8	static
../Core/Src/tasks.c:115:6:TL2_COUNT_DOWN	112	static
../Core/Src/tasks.c:125:6:BLINKY_GREEN	8	static
../Core/Src/tasks.c:142:6:BLINKY_RED	8	static
../Core/Src/tasks.c:159:6:BLINKY_YELLOW	8	static
../Core/Src/tasks.c:176:6:TL_PEDES	8	static
../Core/Src/tasks.c:185:6:BUZZ_PEDES_CHANGE_DURATION	16	static
../Core/Src/tasks.c:194:6:BUZZ_PEDES_CHANGE_HZ	4	static
../Core/Src/tasks.c:198:6:BUZZ_PEDES	8	static
../Core/Src/tasks.c:210:6:DEL_TASKS_PREVIOUS_MODE	16	static
../Core/Src/tasks.c:217:6:ADD_TASKS_MODE_AUTO	8	static
../Core/Src/tasks.c:264:6:ADD_TASKS_MODE_MODIFY_GREEN	8	static
../Core/Src/tasks.c:272:6:ADD_TASKS_MODE_MODIFY_RED	8	static
../Core/Src/tasks.c:280:6:ADD_TASKS_MODE_MODIFY_YELLOW	8	static
../Core/Src/tasks.c:290:6:SHOW_MODIFY_TIME	64	static
../Core/Src/tasks.c:298:6:SET_MODIFY_TIME	8	static
../Core/Src/tasks.c:312:6:SET_DEFAULT_TIME	4	static
../Core/Src/tasks.c:322:5:IS_TIME_MODIFIED	4	static
../Core/Src/tasks.c:326:5:IS_TIME_SATISFIED	4	static
../Core/Src/tasks.c:332:6:button_Mode	8	static
../Core/Src/tasks.c:354:6:button_Time	8	static
../Core/Src/tasks.c:361:6:button_Update	8	static
../Core/Src/tasks.c:387:6:button_Pedes	8	static
